// Jest Snapshot v1, https://goo.gl/fbAQLP

exports[`CallControls matches snapshot (default state) 1`] = `
<View
  style={
    {
      "backgroundColor": "rgba(0,0,0,0.6)",
      "flexDirection": "row",
      "justifyContent": "space-around",
      "padding": 16,
    }
  }
>
  <View
    accessibilityLabel="Couper micro"
    accessibilityRole="button"
    accessibilityState={
      {
        "busy": undefined,
        "checked": undefined,
        "disabled": undefined,
        "expanded": undefined,
        "selected": undefined,
      }
    }
    accessibilityValue={
      {
        "max": undefined,
        "min": undefined,
        "now": undefined,
        "text": undefined,
      }
    }
    accessible={true}
    collapsable={false}
    focusable={true}
    onClick={[Function]}
    onResponderGrant={[Function]}
    onResponderMove={[Function]}
    onResponderRelease={[Function]}
    onResponderTerminate={[Function]}
    onResponderTerminationRequest={[Function]}
    onStartShouldSetResponder={[Function]}
    style={
      {
        "alignItems": "center",
        "backgroundColor": "#333",
        "borderRadius": 24,
        "minWidth": 70,
        "opacity": 1,
        "padding": 12,
      }
    }
  >
    <Text
      style={
        {
          "color": "#fff",
          "fontFamily": "Inter_600SemiBold",
        }
      }
    >
      Couper micro
    </Text>
  </View>
  <View
    accessibilityLabel="Couper caméra"
    accessibilityRole="button"
    accessibilityState={
      {
        "busy": undefined,
        "checked": undefined,
        "disabled": undefined,
        "expanded": undefined,
        "selected": undefined,
      }
    }
    accessibilityValue={
      {
        "max": undefined,
        "min": undefined,
        "now": undefined,
        "text": undefined,
      }
    }
    accessible={true}
    collapsable={false}
    focusable={true}
    onClick={[Function]}
    onResponderGrant={[Function]}
    onResponderMove={[Function]}
    onResponderRelease={[Function]}
    onResponderTerminate={[Function]}
    onResponderTerminationRequest={[Function]}
    onStartShouldSetResponder={[Function]}
    style={
      {
        "alignItems": "center",
        "backgroundColor": "#333",
        "borderRadius": 24,
        "minWidth": 70,
        "opacity": 1,
        "padding": 12,
      }
    }
  >
    <Text
      style={
        {
          "color": "#fff",
          "fontFamily": "Inter_600SemiBold",
        }
      }
    >
      Couper caméra
    </Text>
  </View>
  <View
    accessibilityLabel="Pivoter"
    accessibilityRole="button"
    accessibilityState={
      {
        "busy": undefined,
        "checked": undefined,
        "disabled": undefined,
        "expanded": undefined,
        "selected": undefined,
      }
    }
    accessibilityValue={
      {
        "max": undefined,
        "min": undefined,
        "now": undefined,
        "text": undefined,
      }
    }
    accessible={true}
    collapsable={false}
    focusable={true}
    onClick={[Function]}
    onResponderGrant={[Function]}
    onResponderMove={[Function]}
    onResponderRelease={[Function]}
    onResponderTerminate={[Function]}
    onResponderTerminationRequest={[Function]}
    onStartShouldSetResponder={[Function]}
    style={
      {
        "alignItems": "center",
        "backgroundColor": "#333",
        "borderRadius": 24,
        "minWidth": 70,
        "opacity": 1,
        "padding": 12,
      }
    }
  >
    <Text
      style={
        {
          "color": "#fff",
          "fontFamily": "Inter_600SemiBold",
        }
      }
    >
      Pivoter
    </Text>
  </View>
  <View
    accessibilityLabel="Raccrocher"
    accessibilityRole="button"
    accessibilityState={
      {
        "busy": undefined,
        "checked": undefined,
        "disabled": undefined,
        "expanded": undefined,
        "selected": undefined,
      }
    }
    accessibilityValue={
      {
        "max": undefined,
        "min": undefined,
        "now": undefined,
        "text": undefined,
      }
    }
    accessible={true}
    collapsable={false}
    focusable={true}
    onClick={[Function]}
    onResponderGrant={[Function]}
    onResponderMove={[Function]}
    onResponderRelease={[Function]}
    onResponderTerminate={[Function]}
    onResponderTerminationRequest={[Function]}
    onStartShouldSetResponder={[Function]}
    style={
      {
        "alignItems": "center",
        "backgroundColor": "#e53935",
        "borderRadius": 24,
        "minWidth": 70,
        "opacity": 1,
        "padding": 12,
      }
    }
  >
    <Text
      style={
        {
          "color": "#fff",
          "fontFamily": "Inter_600SemiBold",
        }
      }
    >
      Raccrocher
    </Text>
  </View>
</View>
`;
